[INFO] Scanning for projects...
[INFO] 
[INFO] -------------< com.example:Author-Book-Management-System >--------------
[INFO] Building  0.0.1-SNAPSHOT
[INFO]   from pom.xml
[INFO] --------------------------------[ jar ]---------------------------------
[INFO] 
[INFO] --- resources:3.3.1:resources (default-resources) @ Author-Book-Management-System ---
[INFO] Copying 1 resource from src\main\resources to target\classes
[INFO] Copying 0 resource from src\main\resources to target\classes
[INFO] 
[INFO] --- compiler:3.14.1:compile (default-compile) @ Author-Book-Management-System ---
[INFO] Recompiling the module because of changed source code.
[INFO] Compiling 49 source files with javac [debug parameters release 21] to target\classes
[WARNING] /C:/Users/vanshruhela/OneDrive - Nagarro/Desktop/assignments/Author-Book-Management-System/src/main/java/com/example/authorbookmanagementsystem/entity/User.java:[27,21] @Builder will ignore the initializing expression entirely. If you want the initializing expression to serve as default, add @Builder.Default. If it is not supposed to be settable during building, make the field final.
[INFO] 
[INFO] --- resources:3.3.1:testResources (default-testResources) @ Author-Book-Management-System ---
[INFO] skip non existing resourceDirectory C:\Users\vanshruhela\OneDrive - Nagarro\Desktop\assignments\Author-Book-Management-System\src\test\resources
[INFO] 
[INFO] --- compiler:3.14.1:testCompile (default-testCompile) @ Author-Book-Management-System ---
[INFO] Recompiling the module because of changed dependency.
[INFO] Compiling 8 source files with javac [debug parameters release 21] to target\test-classes
[INFO] 
[INFO] --- surefire:3.5.5:test (default-test) @ Author-Book-Management-System ---
[INFO] Using auto detected provider org.apache.maven.surefire.junitplatform.JUnitPlatformProvider
[INFO] 
[INFO] -------------------------------------------------------
[INFO]  T E S T S
[INFO] -------------------------------------------------------
[INFO] Running com.example.authorbookmanagementsystem.ApplicationTests
15:56:53.561 [main] INFO org.springframework.test.context.support.AnnotationConfigContextLoaderUtils -- Could not detect default configuration classes for test class [com.example.authorbookmanagementsystem.ApplicationTests]: ApplicationTests does not declare any static, non-private, non-final, nested classes annotated with @Configuration.
15:56:53.812 [main] INFO org.springframework.boot.test.context.SpringBootTestContextBootstrapper -- Found @SpringBootConfiguration com.example.authorbookmanagementsystem.Application for test class com.example.authorbookmanagementsystem.ApplicationTests
15:56:54.018 [main] INFO org.springframework.test.context.support.AnnotationConfigContextLoaderUtils -- Could not detect default configuration classes for test class [com.example.authorbookmanagementsystem.ApplicationTests]: ApplicationTests does not declare any static, non-private, non-final, nested classes annotated with @Configuration.
15:56:54.023 [main] INFO org.springframework.boot.test.context.SpringBootTestContextBootstrapper -- Found @SpringBootConfiguration com.example.authorbookmanagementsystem.Application for test class com.example.authorbookmanagementsystem.ApplicationTests

  .   ____          _            __ _ _
 /\\ / ___'_ __ _ _(_)_ __  __ _ \ \ \ \
( ( )\___ | '_ | '_| | '_ \/ _` | \ \ \ \
 \\/  ___)| |_)| | | | | || (_| |  ) ) ) )
  '  |____| .__|_| |_|_| |_\__, | / / / /
 =========|_|==============|___/=/_/_/_/

 :: Spring Boot ::                (v4.0.5)

2026-04-21T15:56:54.658+05:30  INFO 26824 --- [Author-Book-Management-System] [           main] c.e.a.ApplicationTests                   : Starting ApplicationTests using Java 21.0.9 with PID 26824 (started by vanshruhela in C:\Users\vanshruhela\OneDrive - Nagarro\Desktop\assignments\Author-Book-Management-System)
2026-04-21T15:56:54.660+05:30  INFO 26824 --- [Author-Book-Management-System] [           main] c.e.a.ApplicationTests                   : No active profile set, falling back to 1 default profile: "default"
2026-04-21T15:56:56.554+05:30  INFO 26824 --- [Author-Book-Management-System] [           main] .s.d.r.c.RepositoryConfigurationDelegate : Bootstrapping Spring Data JPA repositories in DEFAULT mode.
2026-04-21T15:56:56.760+05:30  INFO 26824 --- [Author-Book-Management-System] [           main] .s.d.r.c.RepositoryConfigurationDelegate : Finished Spring Data repository scanning in 175 ms. Found 4 JPA repository interfaces.
2026-04-21T15:56:58.628+05:30  INFO 26824 --- [Author-Book-Management-System] [           main] org.hibernate.orm.jpa                    : HHH008540: Processing PersistenceUnitInfo [name: default]
2026-04-21T15:56:59.051+05:30  INFO 26824 --- [Author-Book-Management-System] [           main] org.hibernate.orm.core                   : HHH000001: Hibernate ORM core version 7.2.7.Final
2026-04-21T15:57:00.675+05:30  INFO 26824 --- [Author-Book-Management-System] [           main] o.s.o.j.p.SpringPersistenceUnitInfo      : No LoadTimeWeaver setup: ignoring JPA class transformer
2026-04-21T15:57:00.735+05:30  INFO 26824 --- [Author-Book-Management-System] [           main] com.zaxxer.hikari.HikariDataSource       : HikariPool-1 - Starting...
2026-04-21T15:57:01.258+05:30  INFO 26824 --- [Author-Book-Management-System] [           main] com.zaxxer.hikari.pool.HikariPool        : HikariPool-1 - Added connection org.postgresql.jdbc.PgConnection@45e35a0d
2026-04-21T15:57:01.261+05:30  INFO 26824 --- [Author-Book-Management-System] [           main] com.zaxxer.hikari.HikariDataSource       : HikariPool-1 - Start completed.
2026-04-21T15:57:01.325+05:30  WARN 26824 --- [Author-Book-Management-System] [           main] org.hibernate.orm.deprecation            : HHH90000025: PostgreSQLDialect does not need to be specified explicitly using 'hibernate.dialect' (remove the property setting and it will be selected by default)
2026-04-21T15:57:01.382+05:30  INFO 26824 --- [Author-Book-Management-System] [           main] org.hibernate.orm.connections.pooling    : HHH10001005: Database info:
	Database JDBC URL [jdbc:postgresql://localhost:5432/AuthorBookDB]
	Database driver: PostgreSQL JDBC Driver
	Database dialect: PostgreSQLDialect
	Database version: 18.1
	Default catalog/schema: AuthorBookDB/public
	Autocommit mode: undefined/unknown
	Isolation level: READ_COMMITTED [default READ_COMMITTED]
	JDBC fetch size: none
	Pool: DataSourceConnectionProvider
	Minimum pool size: undefined/unknown
	Maximum pool size: undefined/unknown
2026-04-21T15:57:03.152+05:30  INFO 26824 --- [Author-Book-Management-System] [           main] org.hibernate.orm.core                   : HHH000489: No JTA platform available (set 'hibernate.transaction.jta.platform' to enable JTA platform integration)
2026-04-21T15:57:03.456+05:30  INFO 26824 --- [Author-Book-Management-System] [           main] j.LocalContainerEntityManagerFactoryBean : Initialized JPA EntityManagerFactory for persistence unit 'default'
2026-04-21T15:57:04.337+05:30  INFO 26824 --- [Author-Book-Management-System] [           main] o.s.d.j.r.query.QueryEnhancerFactories   : Hibernate is in classpath; If applicable, HQL parser will be used.
2026-04-21T15:57:05.480+05:30  INFO 26824 --- [Author-Book-Management-System] [           main] eAuthenticationProviderManagerConfigurer : Global AuthenticationManager configured with AuthenticationProvider bean with name authenticationProvider
2026-04-21T15:57:05.482+05:30  WARN 26824 --- [Author-Book-Management-System] [           main] r$InitializeUserDetailsManagerConfigurer : Global AuthenticationManager configured with an AuthenticationProvider bean. UserDetailsService beans will not be used by Spring Security for automatically configuring username/password login. Consider removing the AuthenticationProvider bean. Alternatively, consider using the UserDetailsService in a manually instantiated DaoAuthenticationProvider. If the current configuration is intentional, to turn off this warning, increase the logging level of 'org.springframework.security.config.annotation.authentication.configuration.InitializeUserDetailsBeanManagerConfigurer' to ERROR
2026-04-21T15:57:06.081+05:30  WARN 26824 --- [Author-Book-Management-System] [           main] JpaBaseConfiguration$JpaWebConfiguration : spring.jpa.open-in-view is enabled by default. Therefore, database queries may be performed during view rendering. Explicitly configure spring.jpa.open-in-view to disable this warning
2026-04-21T15:57:09.059+05:30  INFO 26824 --- [Author-Book-Management-System] [           main] c.e.a.ApplicationTests                   : Started ApplicationTests in 14.901 seconds (process running for 17.171)
Hibernate: 
    select
        r1_0.id,
        r1_0.role 
    from
        roles r1_0 
    where
        r1_0.role=?
Hibernate: 
    select
        r1_0.id,
        r1_0.role 
    from
        roles r1_0 
    where
        r1_0.role=?
2026-04-21T15:57:10.160+05:30  WARN 26824 --- [Author-Book-Management-System] [           main] o.s.core.events.SpringDocAppInitializer  : SpringDoc /v3/api-docs endpoint is enabled by default. To disable it in production, set the property 'springdoc.api-docs.enabled=false'
2026-04-21T15:57:10.160+05:30  WARN 26824 --- [Author-Book-Management-System] [           main] o.s.core.events.SpringDocAppInitializer  : SpringDoc /swagger-ui.html endpoint is enabled by default. To disable it in production, set the property 'springdoc.swagger-ui.enabled=false'
.\mvnw.cmd : Mockito is currently self-attaching to enable the inline-mock-maker. This will no longer work in future releases of the JDK. Please 
add Mockito as an agent to your build as described in Mockito's documentation: 
https://javadoc.io/doc/org.mockito/mockito-core/latest/org.mockito/org/mockito/Mockito.html#0.3
At line:1 char:97
+ ... Management-System"; .\mvnw.cmd test -pl . 2>&1 > mvn-test.log; Get-Co ...
+                         ~~~~~~~~~~~~~~~~~~~~~~~~~~~~~~~~~~~~~~~~~
    + CategoryInfo          : NotSpecified: (Mockito is curr...ockito.html#0.3:String) [], RemoteException
    + FullyQualifiedErrorId : NativeCommandError
 
WARNING: A Java agent has been loaded dynamically 
(C:\Users\vanshruhela\.m2\repository\net\bytebuddy\byte-buddy-agent\1.17.8\byte-buddy-agent-1.17.8.jar)
WARNING: If a serviceability tool is in use, please run with -XX:+EnableDynamicAgentLoading to hide this warning
WARNING: If a serviceability tool is not in use, please run with -Djdk.instrument.traceUsage for more information
WARNING: Dynamic loading of agents will be disallowed by default in a future release
OpenJDK 64-Bit Server VM warning: Sharing is only supported for boot loader classes because bootstrap classpath has been appended
[INFO] Tests run: 1, Failures: 0, Errors: 0, Skipped: 0, Time elapsed: 17.62 s -- in com.example.authorbookmanagementsystem.ApplicationTests
[INFO] Running com.example.authorbookmanagementsystem.controller.auth.AuthControllerTest
2026-04-21T15:57:10.816+05:30  INFO 26824 --- [Author-Book-Management-System] [           main] t.c.s.AnnotationConfigContextLoaderUtils : Could not detect default configuration classes for test class [com.example.authorbookmanagementsystem.controller.auth.AuthControllerTest]: AuthControllerTest does not declare any static, non-private, non-final, nested classes annotated with @Configuration.
2026-04-21T15:57:11.056+05:30  INFO 26824 --- [Author-Book-Management-System] [           main] .b.t.c.SpringBootTestContextBootstrapper : Found @SpringBootConfiguration com.example.authorbookmanagementsystem.Application for test class com.example.authorbookmanagementsystem.controller.auth.AuthControllerTest
2026-04-21T15:57:11.060+05:30  INFO 26824 --- [Author-Book-Management-System] [           main] t.c.s.AnnotationConfigContextLoaderUtils : Could not detect default configuration classes for test class [com.example.authorbookmanagementsystem.controller.auth.AuthControllerTest]: AuthControllerTest does not declare any static, non-private, non-final, nested classes annotated with @Configuration.
2026-04-21T15:57:11.124+05:30  INFO 26824 --- [Author-Book-Management-System] [           main] .b.t.c.SpringBootTestContextBootstrapper : Found @SpringBootConfiguration com.example.authorbookmanagementsystem.Application for test class com.example.authorbookmanagementsystem.controller.auth.AuthControllerTest

  .   ____          _            __ _ _
 /\\ / ___'_ __ _ _(_)_ __  __ _ \ \ \ \
( ( )\___ | '_ | '_| | '_ \/ _` | \ \ \ \
 \\/  ___)| |_)| | | | | || (_| |  ) ) ) )
  '  |____| .__|_| |_|_| |_\__, | / / / /
 =========|_|==============|___/=/_/_/_/

 :: Spring Boot ::                (v4.0.5)

2026-04-21T15:57:11.232+05:30  INFO 26824 --- [Author-Book-Management-System] [           main] c.e.a.c.auth.AuthControllerTest          : Starting AuthControllerTest using Java 21.0.9 with PID 26824 (started by vanshruhela in C:\Users\vanshruhela\OneDrive - Nagarro\Desktop\assignments\Author-Book-Management-System)
2026-04-21T15:57:11.233+05:30  INFO 26824 --- [Author-Book-Management-System] [           main] c.e.a.c.auth.AuthControllerTest          : No active profile set, falling back to 1 default profile: "default"
2026-04-21T15:57:13.280+05:30  INFO 26824 --- [Author-Book-Management-System] [           main] o.s.b.t.m.w.SpringBootMockServletContext : Initializing Spring TestDispatcherServlet ''
2026-04-21T15:57:13.282+05:30  INFO 26824 --- [Author-Book-Management-System] [           main] o.s.t.web.servlet.TestDispatcherServlet  : Initializing Servlet ''
2026-04-21T15:57:13.287+05:30  INFO 26824 --- [Author-Book-Management-System] [           main] o.s.t.web.servlet.TestDispatcherServlet  : Completed initialization in 4 ms
2026-04-21T15:57:13.340+05:30  INFO 26824 --- [Author-Book-Management-System] [           main] c.e.a.c.auth.AuthControllerTest          : Started AuthControllerTest in 2.187 seconds (process running for 21.453)
[INFO] Tests run: 2, Failures: 0, Errors: 0, Skipped: 0, Time elapsed: 2.811 s -- in com.example.authorbookmanagementsystem.controller.auth.AuthControllerTest
[INFO] Running com.example.authorbookmanagementsystem.controller.author.AuthorControllerTest
2026-04-21T15:57:13.597+05:30  INFO 26824 --- [Author-Book-Management-System] [           main] t.c.s.AnnotationConfigContextLoaderUtils : Could not detect default configuration classes for test class [com.example.authorbookmanagementsystem.controller.author.AuthorControllerTest]: AuthorControllerTest does not declare any static, non-private, non-final, nested classes annotated with @Configuration.
2026-04-21T15:57:13.743+05:30  INFO 26824 --- [Author-Book-Management-System] [           main] .b.t.c.SpringBootTestContextBootstrapper : Found @SpringBootConfiguration com.example.authorbookmanagementsystem.Application for test class com.example.authorbookmanagementsystem.controller.author.AuthorControllerTest
2026-04-21T15:57:13.747+05:30  INFO 26824 --- [Author-Book-Management-System] [           main] t.c.s.AnnotationConfigContextLoaderUtils : Could not detect default configuration classes for test class [com.example.authorbookmanagementsystem.controller.author.AuthorControllerTest]: AuthorControllerTest does not declare any static, non-private, non-final, nested classes annotated with @Configuration.
2026-04-21T15:57:13.774+05:30  INFO 26824 --- [Author-Book-Management-System] [           main] .b.t.c.SpringBootTestContextBootstrapper : Found @SpringBootConfiguration com.example.authorbookmanagementsystem.Application for test class com.example.authorbookmanagementsystem.controller.author.AuthorControllerTest

  .   ____          _            __ _ _
 /\\ / ___'_ __ _ _(_)_ __  __ _ \ \ \ \
( ( )\___ | '_ | '_| | '_ \/ _` | \ \ \ \
 \\/  ___)| |_)| | | | | || (_| |  ) ) ) )
  '  |____| .__|_| |_|_| |_\__, | / / / /
 =========|_|==============|___/=/_/_/_/

 :: Spring Boot ::                (v4.0.5)

2026-04-21T15:57:13.888+05:30  INFO 26824 --- [Author-Book-Management-System] [           main] c.e.a.c.author.AuthorControllerTest      : Starting AuthorControllerTest using Java 21.0.9 with PID 26824 (started by vanshruhela in C:\Users\vanshruhela\OneDrive - Nagarro\Desktop\assignments\Author-Book-Management-System)
2026-04-21T15:57:13.889+05:30  INFO 26824 --- [Author-Book-Management-System] [           main] c.e.a.c.author.AuthorControllerTest      : No active profile set, falling back to 1 default profile: "default"
2026-04-21T15:57:14.873+05:30  INFO 26824 --- [Author-Book-Management-System] [           main] o.s.b.t.m.w.SpringBootMockServletContext : Initializing Spring TestDispatcherServlet ''
2026-04-21T15:57:14.874+05:30  INFO 26824 --- [Author-Book-Management-System] [           main] o.s.t.web.servlet.TestDispatcherServlet  : Initializing Servlet ''
2026-04-21T15:57:14.876+05:30  INFO 26824 --- [Author-Book-Management-System] [           main] o.s.t.web.servlet.TestDispatcherServlet  : Completed initialization in 2 ms
2026-04-21T15:57:14.896+05:30  INFO 26824 --- [Author-Book-Management-System] [           main] c.e.a.c.author.AuthorControllerTest      : Started AuthorControllerTest in 1.111 seconds (process running for 23.01)
[INFO] Tests run: 2, Failures: 0, Errors: 0, Skipped: 0, Time elapsed: 1.369 s -- in com.example.authorbookmanagementsystem.controller.author.AuthorControllerTest
[INFO] Running com.example.authorbookmanagementsystem.controller.book.BookControllerTest
2026-04-21T15:57:14.967+05:30  INFO 26824 --- [Author-Book-Management-System] [           main] t.c.s.AnnotationConfigContextLoaderUtils : Could not detect default configuration classes for test class [com.example.authorbookmanagementsystem.controller.book.BookControllerTest]: BookControllerTest does not declare any static, non-private, non-final, nested classes annotated with @Configuration.
2026-04-21T15:57:15.069+05:30  INFO 26824 --- [Author-Book-Management-System] [           main] .b.t.c.SpringBootTestContextBootstrapper : Found @SpringBootConfiguration com.example.authorbookmanagementsystem.Application for test class com.example.authorbookmanagementsystem.controller.book.BookControllerTest
2026-04-21T15:57:15.072+05:30  INFO 26824 --- [Author-Book-Management-System] [           main] t.c.s.AnnotationConfigContextLoaderUtils : Could not detect default configuration classes for test class [com.example.authorbookmanagementsystem.controller.book.BookControllerTest]: BookControllerTest does not declare any static, non-private, non-final, nested classes annotated with @Configuration.
2026-04-21T15:57:15.093+05:30  INFO 26824 --- [Author-Book-Management-System] [           main] .b.t.c.SpringBootTestContextBootstrapper : Found @SpringBootConfiguration com.example.authorbookmanagementsystem.Application for test class com.example.authorbookmanagementsystem.controller.book.BookControllerTest

  .   ____          _            __ _ _
 /\\ / ___'_ __ _ _(_)_ __  __ _ \ \ \ \
( ( )\___ | '_ | '_| | '_ \/ _` | \ \ \ \
 \\/  ___)| |_)| | | | | || (_| |  ) ) ) )
  '  |____| .__|_| |_|_| |_\__, | / / / /
 =========|_|==============|___/=/_/_/_/

 :: Spring Boot ::                (v4.0.5)

2026-04-21T15:57:15.169+05:30  INFO 26824 --- [Author-Book-Management-System] [           main] c.e.a.c.book.BookControllerTest          : Starting BookControllerTest using Java 21.0.9 with PID 26824 (started by vanshruhela in C:\Users\vanshruhela\OneDrive - Nagarro\Desktop\assignments\Author-Book-Management-System)
2026-04-21T15:57:15.170+05:30  INFO 26824 --- [Author-Book-Management-System] [           main] c.e.a.c.book.BookControllerTest          : No active profile set, falling back to 1 default profile: "default"
2026-04-21T15:57:15.872+05:30  INFO 26824 --- [Author-Book-Management-System] [           main] o.s.b.t.m.w.SpringBootMockServletContext : Initializing Spring TestDispatcherServlet ''
2026-04-21T15:57:15.873+05:30  INFO 26824 --- [Author-Book-Management-System] [           main] o.s.t.web.servlet.TestDispatcherServlet  : Initializing Servlet ''
2026-04-21T15:57:15.876+05:30  INFO 26824 --- [Author-Book-Management-System] [           main] o.s.t.web.servlet.TestDispatcherServlet  : Completed initialization in 3 ms
2026-04-21T15:57:15.895+05:30  INFO 26824 --- [Author-Book-Management-System] [           main] c.e.a.c.book.BookControllerTest          : Started BookControllerTest in 0.791 seconds (process running for 24.008)
[INFO] Tests run: 2, Failures: 0, Errors: 0, Skipped: 0, Time elapsed: 0.987 s -- in com.example.authorbookmanagementsystem.controller.book.BookControllerTest
[INFO] Running com.example.authorbookmanagementsystem.controller.bulk.BulkControllerTest
2026-04-21T15:57:15.959+05:30  INFO 26824 --- [Author-Book-Management-System] [           main] t.c.s.AnnotationConfigContextLoaderUtils : Could not detect default configuration classes for test class [com.example.authorbookmanagementsystem.controller.bulk.BulkControllerTest]: BulkControllerTest does not declare any static, non-private, non-final, nested classes annotated with @Configuration.
2026-04-21T15:57:16.042+05:30  INFO 26824 --- [Author-Book-Management-System] [           main] .b.t.c.SpringBootTestContextBootstrapper : Found @SpringBootConfiguration com.example.authorbookmanagementsystem.Application for test class com.example.authorbookmanagementsystem.controller.bulk.BulkControllerTest
2026-04-21T15:57:16.045+05:30  INFO 26824 --- [Author-Book-Management-System] [           main] t.c.s.AnnotationConfigContextLoaderUtils : Could not detect default configuration classes for test class [com.example.authorbookmanagementsystem.controller.bulk.BulkControllerTest]: BulkControllerTest does not declare any static, non-private, non-final, nested classes annotated with @Configuration.
2026-04-21T15:57:16.069+05:30  INFO 26824 --- [Author-Book-Management-System] [           main] .b.t.c.SpringBootTestContextBootstrapper : Found @SpringBootConfiguration com.example.authorbookmanagementsystem.Application for test class com.example.authorbookmanagementsystem.controller.bulk.BulkControllerTest

  .   ____          _            __ _ _
 /\\ / ___'_ __ _ _(_)_ __  __ _ \ \ \ \
( ( )\___ | '_ | '_| | '_ \/ _` | \ \ \ \
 \\/  ___)| |_)| | | | | || (_| |  ) ) ) )
  '  |____| .__|_| |_|_| |_\__, | / / / /
 =========|_|==============|___/=/_/_/_/

 :: Spring Boot ::                (v4.0.5)

2026-04-21T15:57:16.130+05:30  INFO 26824 --- [Author-Book-Management-System] [           main] c.e.a.c.bulk.BulkControllerTest          : Starting BulkControllerTest using Java 21.0.9 with PID 26824 (started by vanshruhela in C:\Users\vanshruhela\OneDrive - Nagarro\Desktop\assignments\Author-Book-Management-System)
2026-04-21T15:57:16.132+05:30  INFO 26824 --- [Author-Book-Management-System] [           main] c.e.a.c.bulk.BulkControllerTest          : No active profile set, falling back to 1 default profile: "default"
2026-04-21T15:57:16.784+05:30  INFO 26824 --- [Author-Book-Management-System] [           main] o.s.b.t.m.w.SpringBootMockServletContext : Initializing Spring TestDispatcherServlet ''
2026-04-21T15:57:16.785+05:30  INFO 26824 --- [Author-Book-Management-System] [           main] o.s.t.web.servlet.TestDispatcherServlet  : Initializing Servlet ''
2026-04-21T15:57:16.788+05:30  INFO 26824 --- [Author-Book-Management-System] [           main] o.s.t.web.servlet.TestDispatcherServlet  : Completed initialization in 3 ms
2026-04-21T15:57:16.802+05:30  INFO 26824 --- [Author-Book-Management-System] [           main] c.e.a.c.bulk.BulkControllerTest          : Started BulkControllerTest in 0.725 seconds (process running for 24.915)
[INFO] Tests run: 1, Failures: 0, Errors: 0, Skipped: 0, Time elapsed: 0.885 s -- in com.example.authorbookmanagementsystem.controller.bulk.BulkControllerTest
[INFO] Running com.example.authorbookmanagementsystem.service.author.AuthorServiceImplTest
[INFO] Tests run: 5, Failures: 0, Errors: 0, Skipped: 0, Time elapsed: 0.647 s -- in com.example.authorbookmanagementsystem.service.author.AuthorServiceImplTest
[INFO] Running com.example.authorbookmanagementsystem.service.book.BookServiceImplTest
[INFO] Tests run: 5, Failures: 0, Errors: 0, Skipped: 0, Time elapsed: 0.367 s -- in com.example.authorbookmanagementsystem.service.book.BookServiceImplTest
[INFO] Running com.example.authorbookmanagementsystem.service.bulk.BulkServiceImplTest
[INFO] Tests run: 2, Failures: 0, Errors: 0, Skipped: 0, Time elapsed: 0.290 s -- in com.example.authorbookmanagementsystem.service.bulk.BulkServiceImplTest
[INFO] 
[INFO] Results:
[INFO] 
[INFO] Tests run: 20, Failures: 0, Errors: 0, Skipped: 0
[INFO] 
[INFO] ------------------------------------------------------------------------
[INFO] BUILD SUCCESS
[INFO] ------------------------------------------------------------------------
[INFO] Total time:  39.162 s
[INFO] Finished at: 2026-04-21T15:57:18+05:30
[INFO] ------------------------------------------------------------------------
